// Jest Snapshot v1, https://goo.gl/fbAQLP

exports[`Film loads correctly 1`] = `<loading-indicator-stub />`;
